================================================================
BBQ intrinsic-bias eval for LLaDA-8B-Instruct
  dataset      : nyu-mll/BBQ (jsonl)
  model-path   : /home/lukas/users/shashmi/dlm_bias/LLaDA-8B-Instruct
  n            : 1000  (max-per-category=None)
  seed         : 42
  gen/steps/blk: 32/64/32
  temperature  : 0.0
  remasking    : low_confidence
  alpha        : 0.0  (0 = clean, no hook)
  layer        : emb
  attack       : none
================================================================
Loading BBQ ...
Loaded 1600 items from --items experiments/data/black_referent_ambig_eval.jsonl (sampler bypassed).
Sampled 1600 items. Per-category counts:
  Race_ethnicity           1600
Loading model and tokenizer ...
Loading checkpoint shards:   0%|          | 0/6 [00:00<?, ?it/s]Loading checkpoint shards:  33%|███▎      | 2/6 [00:00<00:00, 12.28it/s]Loading checkpoint shards:  67%|██████▋   | 4/6 [00:00<00:00, 12.37it/s]Loading checkpoint shards: 100%|██████████| 6/6 [00:00<00:00, 12.89it/s]Loading checkpoint shards: 100%|██████████| 6/6 [00:00<00:00, 12.73it/s]
Steering ON (MULTI-LAYER): mode=cmom, layers=[0, 1, 2, 3, 4, 5, 6, 7, 8, 9, 10, 11, 12, 13, 14, 15, 16, 17, 18, 19, 20, 21, 22, 23, 24, 25, 26, 27, 28, 29, 30, 31], alpha=0.0, cstar-offset=6.0, beta=0.8, NOTE: direction built at layer 14 applied at ALL listed layers.
Running eval ...

Traceback (most recent call last):
  File "/home/lukas/users/shashmi/dlm_bias/eval/bbq_eval.py", line 954, in <module>
    main()
  File "/home/lukas/users/shashmi/dlm_bias/eval/bbq_eval.py", line 769, in main
    out = generate(
          ^^^^^^^^^
  File "/home/lukas/miniconda3/envs/sarim_awm/lib/python3.11/site-packages/torch/utils/_contextlib.py", line 124, in decorate_context
    return func(*args, **kwargs)
           ^^^^^^^^^^^^^^^^^^^^^
  File "/home/lukas/users/shashmi/dlm_bias/eval/bbq_eval.py", line 143, in generate
    logits = model(x).logits
             ^^^^^^^^
  File "/home/lukas/miniconda3/envs/sarim_awm/lib/python3.11/site-packages/torch/nn/modules/module.py", line 1778, in _wrapped_call_impl
    return self._call_impl(*args, **kwargs)
           ^^^^^^^^^^^^^^^^^^^^^^^^^^^^^^^^
  File "/home/lukas/miniconda3/envs/sarim_awm/lib/python3.11/site-packages/torch/nn/modules/module.py", line 1789, in _call_impl
    return forward_call(*args, **kwargs)
           ^^^^^^^^^^^^^^^^^^^^^^^^^^^^^
  File "/home/lukas/.cache/huggingface/modules/transformers_modules/LLaDA-8B-Instruct/modeling_llada.py", line 1431, in forward
    outputs = self.model.forward(
              ^^^^^^^^^^^^^^^^^^^
  File "/home/lukas/.cache/huggingface/modules/transformers_modules/LLaDA-8B-Instruct/modeling_llada.py", line 1328, in forward
    x, cache = block(x, attention_bias=attention_bias, layer_past=layer_past, use_cache=use_cache)
               ^^^^^^^^^^^^^^^^^^^^^^^^^^^^^^^^^^^^^^^^^^^^^^^^^^^^^^^^^^^^^^^^^^^^^^^^^^^^^^^^^^^
  File "/home/lukas/miniconda3/envs/sarim_awm/lib/python3.11/site-packages/torch/nn/modules/module.py", line 1778, in _wrapped_call_impl
    return self._call_impl(*args, **kwargs)
           ^^^^^^^^^^^^^^^^^^^^^^^^^^^^^^^^
  File "/home/lukas/miniconda3/envs/sarim_awm/lib/python3.11/site-packages/torch/nn/modules/module.py", line 1884, in _call_impl
    return inner()
           ^^^^^^^
  File "/home/lukas/miniconda3/envs/sarim_awm/lib/python3.11/site-packages/torch/nn/modules/module.py", line 1832, in inner
    result = forward_call(*args, **kwargs)
             ^^^^^^^^^^^^^^^^^^^^^^^^^^^^^
  File "/home/lukas/.cache/huggingface/modules/transformers_modules/LLaDA-8B-Instruct/modeling_llada.py", line 902, in forward
    k = self.k_proj(x_normed)
        ^^^^^^^^^^^^^^^^^^^^^
  File "/home/lukas/miniconda3/envs/sarim_awm/lib/python3.11/site-packages/torch/nn/modules/module.py", line 1778, in _wrapped_call_impl
    return self._call_impl(*args, **kwargs)
           ^^^^^^^^^^^^^^^^^^^^^^^^^^^^^^^^
  File "/home/lukas/miniconda3/envs/sarim_awm/lib/python3.11/site-packages/torch/nn/modules/module.py", line 1789, in _call_impl
    return forward_call(*args, **kwargs)
           ^^^^^^^^^^^^^^^^^^^^^^^^^^^^^
  File "/home/lukas/miniconda3/envs/sarim_awm/lib/python3.11/site-packages/torch/nn/modules/linear.py", line 134, in forward
    return F.linear(input, self.weight, self.bias)
           ^^^^^^^^^^^^^^^^^^^^^^^^^^^^^^^^^^^^^^^
torch.OutOfMemoryError: CUDA out of memory. Tried to allocate 2.00 MiB. GPU 0 has a total capacity of 79.25 GiB of which 2.50 MiB is free. Process 2309655 has 16.37 GiB memory in use. Process 2364195 has 16.54 GiB memory in use. Including non-PyTorch memory, this process has 15.45 GiB memory in use. Process 2364552 has 15.43 GiB memory in use. Process 2364546 has 15.43 GiB memory in use. Of the allocated memory 14.94 GiB is allocated by PyTorch, and 12.41 MiB is reserved by PyTorch but unallocated. If reserved but unallocated memory is large try setting PYTORCH_CUDA_ALLOC_CONF=expandable_segments:True to avoid fragmentation.  See documentation for Memory Management  (https://docs.pytorch.org/docs/stable/notes/cuda.html#optimizing-memory-usage-with-pytorch-cuda-alloc-conf)
