Cloning into '/home/lukas/users/shashmi/dlm_bias/datasets/unqover/data/unqover_repo'...
Note: switching to '3e47969b78acc0de436f9d17c9ab1b2f6a108ff0'.

You are in 'detached HEAD' state. You can look around, make experimental
changes and commit them, and you can discard any commits you make in this
state without impacting any branches by switching back to a branch.

If you want to create a new branch to retain commits you create, you may
do so (now or later) by using -c with the switch command. Example:

  git switch -c <new-branch-name>

Or undo this operation with:

  git switch -

Turn off this advice by setting config variable advice.detachedHead to false

HEAD is now at 3e47969 Merge pull request #2 from utahnlp/master
instantiated 147000 templates
generated 10000 lines
generated 20000 lines
generated 30000 lines
generated 40000 lines
generated 50000 lines
generated 60000 lines
generated 70000 lines
generated 80000 lines
generated 90000 lines
generated 100000 lines
generated 110000 lines
generated 120000 lines
generated 130000 lines
generated 140000 lines
generated 147000 lines
writing to /home/lukas/users/shashmi/dlm_bias/datasets/unqover/data/generated/ethnicity.source.json
+ git clone https://github.com/allenai/unqover.git /home/lukas/users/shashmi/dlm_bias/datasets/unqover/data/unqover_repo
+ git checkout 3e47969b78acc0de436f9d17c9ab1b2f6a108ff0
+ /home/lukas/miniconda3/envs/sarim_awm/bin/python -m templates.generate_underspecified_templates --template_type slot_act_map --subj ethnicity --act biased_ethnicity --slot ethnicity_noact --output /home/lukas/users/shashmi/dlm_bias/datasets/unqover/data/generated/ethnicity.source.json

Generated official UNQOVER source files:
  /home/lukas/users/shashmi/dlm_bias/datasets/unqover/data/generated/ethnicity.source.json  (136056 KB)

Next: convert to our --items format, e.g.
  python /home/lukas/users/shashmi/dlm_bias/datasets/unqover/unqover_loader.py \
    --source /home/lukas/users/shashmi/dlm_bias/datasets/unqover/data/generated/ethnicity.source.json --out /home/lukas/users/shashmi/dlm_bias/datasets/unqover/data/ethnicity.items.jsonl --limit 2000
