================================================================
UNQOVER steering eval for LLaDA-8B-Instruct
  items    : datasets/unqover/data/ethnicity.items.jsonl  (n=8000)
  gen/steps: 32/64/32  temp=0.0
  alpha    : 0.0  mode=clamp  layer=14  layers=None
================================================================
Loading checkpoint shards:   0%|          | 0/6 [00:00<?, ?it/s]Loading checkpoint shards:  33%|███▎      | 2/6 [00:00<00:00, 11.00it/s]Loading checkpoint shards:  67%|██████▋   | 4/6 [00:00<00:00, 10.65it/s]Loading checkpoint shards: 100%|██████████| 6/6 [00:00<00:00, 10.88it/s]Loading checkpoint shards: 100%|██████████| 6/6 [00:00<00:00, 10.85it/s]
Steering ON: mode=clamp, alpha=0.0, cstar=60.0, beta=0.8, layer=14, hook at 'model.transformer.blocks[14]'.
  [100/8000] done  (no_answer so far=0)
  [200/8000] done  (no_answer so far=0)
  [300/8000] done  (no_answer so far=0)
  [400/8000] done  (no_answer so far=0)
  [500/8000] done  (no_answer so far=0)
  [600/8000] done  (no_answer so far=0)
  [700/8000] done  (no_answer so far=0)
  [800/8000] done  (no_answer so far=0)
  [900/8000] done  (no_answer so far=0)
  [1000/8000] done  (no_answer so far=0)
  [1100/8000] done  (no_answer so far=0)
  [1200/8000] done  (no_answer so far=0)
  [1300/8000] done  (no_answer so far=0)
  [1400/8000] done  (no_answer so far=0)
  [1500/8000] done  (no_answer so far=0)
  [1600/8000] done  (no_answer so far=0)
  [1700/8000] done  (no_answer so far=0)
  [1800/8000] done  (no_answer so far=0)
  [1900/8000] done  (no_answer so far=0)
  [2000/8000] done  (no_answer so far=0)
  [2100/8000] done  (no_answer so far=0)
  [2200/8000] done  (no_answer so far=0)
  [2300/8000] done  (no_answer so far=0)
  [2400/8000] done  (no_answer so far=0)
  [2500/8000] done  (no_answer so far=0)
  [2600/8000] done  (no_answer so far=0)
  [2700/8000] done  (no_answer so far=0)
  [2800/8000] done  (no_answer so far=0)
  [2900/8000] done  (no_answer so far=0)
  [3000/8000] done  (no_answer so far=0)
  [3100/8000] done  (no_answer so far=0)
  [3200/8000] done  (no_answer so far=0)
  [3300/8000] done  (no_answer so far=0)
  [3400/8000] done  (no_answer so far=0)
  [3500/8000] done  (no_answer so far=0)
  [3600/8000] done  (no_answer so far=0)
  [3700/8000] done  (no_answer so far=0)
  [3800/8000] done  (no_answer so far=0)
  [3900/8000] done  (no_answer so far=0)
  [4000/8000] done  (no_answer so far=0)
  [4100/8000] done  (no_answer so far=0)
  [4200/8000] done  (no_answer so far=0)
  [4300/8000] done  (no_answer so far=0)
  [4400/8000] done  (no_answer so far=0)
  [4500/8000] done  (no_answer so far=0)
  [4600/8000] done  (no_answer so far=0)
  [4700/8000] done  (no_answer so far=0)
  [4800/8000] done  (no_answer so far=0)
  [4900/8000] done  (no_answer so far=0)
  [5000/8000] done  (no_answer so far=0)
  [5100/8000] done  (no_answer so far=0)
  [5200/8000] done  (no_answer so far=0)
  [5300/8000] done  (no_answer so far=0)
  [5400/8000] done  (no_answer so far=0)
  [5500/8000] done  (no_answer so far=0)
  [5600/8000] done  (no_answer so far=0)
  [5700/8000] done  (no_answer so far=0)
  [5800/8000] done  (no_answer so far=0)
  [5900/8000] done  (no_answer so far=0)
  [6000/8000] done  (no_answer so far=0)
  [6100/8000] done  (no_answer so far=0)
  [6200/8000] done  (no_answer so far=0)
  [6300/8000] done  (no_answer so far=0)
  [6400/8000] done  (no_answer so far=0)
  [6500/8000] done  (no_answer so far=0)
  [6600/8000] done  (no_answer so far=0)
  [6700/8000] done  (no_answer so far=0)
  [6800/8000] done  (no_answer so far=0)
  [6900/8000] done  (no_answer so far=0)
  [7000/8000] done  (no_answer so far=0)
  [7100/8000] done  (no_answer so far=0)
  [7200/8000] done  (no_answer so far=0)
  [7300/8000] done  (no_answer so far=0)
  [7400/8000] done  (no_answer so far=0)
  [7500/8000] done  (no_answer so far=0)
  [7600/8000] done  (no_answer so far=0)
  [7700/8000] done  (no_answer so far=0)
  [7800/8000] done  (no_answer so far=0)
  [7900/8000] done  (no_answer so far=0)
  [8000/8000] done  (no_answer so far=0)

Saved results -> /home/lukas/users/shashmi/dlm_bias/datasets/unqover/results/uq_L14_clamp_c60.jsonl  (no_answer=0/8000)
Analyze with: python datasets/unqover/unqover_metric.py --results /home/lukas/users/shashmi/dlm_bias/datasets/unqover/results/uq_L14_clamp_c60.jsonl
